// Jest Snapshot v1, https://goo.gl/fbAQLP

exports[`renders text input correctly 1`] = `
<View
  style={
    {
      "marginBottom": 10,
    }
  }
>
  <Text
    style={
      {
        "fontSize": 14,
        "marginBottom": 4,
      }
    }
  >
    Full name
  </Text>
  <TextInput
    onChangeText={[MockFunction]}
    style={
      [
        {
          "borderBottomWidth": 1,
          "borderRadius": 4,
          "borderWidth": 1,
          "fontSize": 16,
          "padding": 8,
          "paddingVertical": 8,
          "shadowColor": "#000",
          "shadowOffset": {
            "height": -2,
            "width": 0,
          },
          "shadowOpacity": 0.1,
          "shadowRadius": 5,
        },
        {
          "borderColor": "gray",
        },
      ]
    }
  />
</View>
`;
