// Jest Snapshot v1, https://goo.gl/fbAQLP

exports[`renders checkbox correctly 1`] = `
<View
  accessibilityState={
    {
      "busy": undefined,
      "checked": undefined,
      "disabled": undefined,
      "expanded": undefined,
      "selected": undefined,
    }
  }
  accessibilityValue={
    {
      "max": undefined,
      "min": undefined,
      "now": undefined,
      "text": undefined,
    }
  }
  accessible={true}
  collapsable={false}
  focusable={true}
  onClick={[Function]}
  onResponderGrant={[Function]}
  onResponderMove={[Function]}
  onResponderRelease={[Function]}
  onResponderTerminate={[Function]}
  onResponderTerminationRequest={[Function]}
  onStartShouldSetResponder={[Function]}
  style={
    {
      "backgroundColor": undefined,
      "borderColor": "blue",
      "borderRadius": 5,
      "borderWidth": 1.3,
      "height": 38,
      "opacity": 1,
      "width": 38,
    }
  }
>
  <Image
    source={1}
    style={
      {
        "height": 32,
        "width": 32,
      }
    }
  />
</View>
`;
